help.are
social.are
limbo.are
smurf.are
plains.are
ofcol2.are
olympus.are
air.are
shire.are
immort.are
midgaard.are
hitower.are
gnome.are
wyvern.are
catacomb.are
hood.are
draconia.are
mahntor.are
trollden.are
chapel.are
midennir.are
grave.are
school.are
camelot.are
moria.are
cult.are
eastern.are
drow.are
thalos.are
oldthalos.are
ancala.are
ofcol.are
aarak.are
kerofk.are
haon.are
arachnos.are
dwarven.are
daycare.are
elvandar.are
faerring.are
quifael.are
sewer.are
astral.are
valley.are
redferne.are
mega1.are
marsh.are
machine.are
pyramid.are
mirkwood.are
grove.are
nirvana.are
dylan.are
canyon.are
galaxy.are
mobfact.are
newthalos.are
tree.are
crystal.are
solace.are
tohell.are
divsouls.are
dark.are
drakyri.are
mutant.are
cloudymt.are
anon.are
stonebow.are
sacrifice.are
plords.are
freeport.are
under.are
pirate.are
titan.are
mirror.are
fanatics.are
clans.are
dungeon.are
mob.are
aerial.are
abyss.are
arena.are
winner-loser.are
dreams.are
raven.are
tulqurin.are
hive.are
jadetemp.are
filelya.are
dknights.are
chess2.are
undrtnl.are
36cham.are
elvenforest.are
lierknay.are
$
